C:/Users/NNFTECH_LHY/STM32CubeIDE/STM32 HAL Workspace/18_I2C_Driver/Drivers/CMSIS/Include/core_cm4.h:1684:22:__NVIC_EnableIRQ	16	static,ignoring_inline_asm
C:/Users/NNFTECH_LHY/STM32CubeIDE/STM32 HAL Workspace/18_I2C_Driver/Drivers/CMSIS/Include/core_cm4.h:1814:22:__NVIC_SetPriority	16	static
../Src/adc.c:8:10:pa0_adc_read	8	static
../Src/adc.c:13:6:adc_init_start	8	static
../Src/adc.c:19:6:adc_pa0_continous_conv_init	56	static
../Src/adc.c:62:6:adc_pa0_single_conv_init	56	static
../Src/adc.c:106:6:adc_pa0_interrupt_init	56	static
../Src/adc.c:153:6:ADC_IRQHandler	8	static
